../USB_Device/Target/usbd_conf.c:775:20:USBD_Get_USB_Status	0	static
../USB_Device/Target/usbd_conf.c:764:13:SystemClockConfig_Resume	8	static
../USB_Device/Target/usbd_conf.c:73:6:HAL_PCD_MspInit	96	static
../USB_Device/Target/usbd_conf.c:107:6:HAL_PCD_MspDeInit	8	static
../USB_Device/Target/usbd_conf.c:135:6:HAL_PCD_SetupStageCallback	8	static
../USB_Device/Target/usbd_conf.c:156:6:HAL_PCD_DataOutStageCallback	8	static
../USB_Device/Target/usbd_conf.c:177:6:HAL_PCD_DataInStageCallback	8	static
../USB_Device/Target/usbd_conf.c:197:6:HAL_PCD_SOFCallback	8	static
../USB_Device/Target/usbd_conf.c:217:6:HAL_PCD_ResetCallback	8	static
../USB_Device/Target/usbd_conf.c:248:6:HAL_PCD_SuspendCallback	8	static
../USB_Device/Target/usbd_conf.c:278:6:HAL_PCD_ResumeCallback	8	static
../USB_Device/Target/usbd_conf.c:309:6:HAL_PCD_ISOOUTIncompleteCallback	8	static
../USB_Device/Target/usbd_conf.c:330:6:HAL_PCD_ISOINIncompleteCallback	8	static
../USB_Device/Target/usbd_conf.c:350:6:HAL_PCD_ConnectCallback	8	static
../USB_Device/Target/usbd_conf.c:370:6:HAL_PCD_DisconnectCallback	8	static
../USB_Device/Target/usbd_conf.c:395:20:USBD_LL_Init	8	static
../USB_Device/Target/usbd_conf.c:460:20:USBD_LL_DeInit	8	static
../USB_Device/Target/usbd_conf.c:477:20:USBD_LL_Start	8	static
../USB_Device/Target/usbd_conf.c:494:20:USBD_LL_Stop	8	static
../USB_Device/Target/usbd_conf.c:514:20:USBD_LL_OpenEP	8	static
../USB_Device/Target/usbd_conf.c:532:20:USBD_LL_CloseEP	8	static
../USB_Device/Target/usbd_conf.c:550:20:USBD_LL_FlushEP	8	static
../USB_Device/Target/usbd_conf.c:568:20:USBD_LL_StallEP	8	static
../USB_Device/Target/usbd_conf.c:586:20:USBD_LL_ClearStallEP	8	static
../USB_Device/Target/usbd_conf.c:604:9:USBD_LL_IsStallEP	0	static
../USB_Device/Target/usbd_conf.c:624:20:USBD_LL_SetUSBAddress	8	static
../USB_Device/Target/usbd_conf.c:644:20:USBD_LL_Transmit	8	static
../USB_Device/Target/usbd_conf.c:664:20:USBD_LL_PrepareReceive	8	static
../USB_Device/Target/usbd_conf.c:682:10:USBD_LL_GetRxDataSize	8	static
../USB_Device/Target/usbd_conf.c:696:6:HAL_PCDEx_LPM_Callback	8	static
../USB_Device/Target/usbd_conf.c:732:6:USBD_LL_Delay	8	static
../USB_Device/Target/usbd_conf.c:742:7:USBD_static_malloc	0	static
../USB_Device/Target/usbd_conf.c:753:6:USBD_static_free	0	static
