../Core/Src/stm32g4xx_it.c:75:6:NMI_Handler	0	static
../Core/Src/stm32g4xx_it.c:90:6:HardFault_Handler	0	static
../Core/Src/stm32g4xx_it.c:105:6:MemManage_Handler	0	static
../Core/Src/stm32g4xx_it.c:120:6:BusFault_Handler	0	static
../Core/Src/stm32g4xx_it.c:135:6:UsageFault_Handler	0	static
../Core/Src/stm32g4xx_it.c:150:6:SVC_Handler	0	static
../Core/Src/stm32g4xx_it.c:163:6:DebugMon_Handler	0	static
../Core/Src/stm32g4xx_it.c:176:6:PendSV_Handler	0	static
../Core/Src/stm32g4xx_it.c:189:6:SysTick_Handler	8	static
../Core/Src/stm32g4xx_it.c:210:6:DMA1_Channel1_IRQHandler	8	static
../Core/Src/stm32g4xx_it.c:222:6:DMA1_Channel3_IRQHandler	8	static
../Core/Src/stm32g4xx_it.c:236:6:DMA1_Channel4_IRQHandler	8	static
../Core/Src/stm32g4xx_it.c:250:6:DMA1_Channel5_IRQHandler	8	static
../Core/Src/stm32g4xx_it.c:264:6:DMA1_Channel6_IRQHandler	0	static
../Core/Src/stm32g4xx_it.c:278:6:DMA1_Channel7_IRQHandler	0	static
../Core/Src/stm32g4xx_it.c:292:6:USB_LP_IRQHandler	8	static
../Core/Src/stm32g4xx_it.c:306:6:I2C1_EV_IRQHandler	8	static
../Core/Src/stm32g4xx_it.c:320:6:I2C1_ER_IRQHandler	8	static
