../Drivers/external/ugui.c:4557:8:UG_Init	0	static
../Drivers/external/ugui.c:4601:8:UG_SelectGUI	0	static
../Drivers/external/ugui.c:4607:6:UG_FontSelect	4	static
../Drivers/external/ugui.c:4617:6:UG_FillFrame	40	static
../Drivers/external/ugui.c:4612:6:UG_FillScreen	16	static
../Drivers/external/ugui.c:4699:6:UG_DrawMesh	32	static
../Drivers/external/ugui.c:4762:6:UG_DrawPixel	8	static
../Drivers/external/ugui.c:4767:6:UG_DrawCircle	72	static
../Drivers/external/ugui.c:4842:6:UG_DrawArc	48	static
../Drivers/external/ugui.c:4886:6:UG_DrawLine	64	static
../Drivers/external/ugui.c:4649:6:UG_FillRoundFrame	64	static
../Drivers/external/ugui.c:4725:6:UG_DrawFrame	32	static
../Drivers/external/ugui.c:4733:6:UG_DrawRoundFrame	56	static
../Drivers/external/ugui.c:4804:6:UG_FillCircle	64	static
../Drivers/external/ugui.c:5011:6:UG_ConsoleSetArea	4	static
../Drivers/external/ugui.c:5019:6:UG_ConsoleSetForecolor	0	static
../Drivers/external/ugui.c:5024:6:UG_ConsoleSetBackcolor	0	static
../Drivers/external/ugui.c:5029:6:UG_SetForecolor	0	static
../Drivers/external/ugui.c:5034:6:UG_SetBackcolor	0	static
../Drivers/external/ugui.c:5039:8:UG_GetXDim	0	static
../Drivers/external/ugui.c:5044:8:UG_GetYDim	0	static
../Drivers/external/ugui.c:5049:6:UG_FontSetHSpace	0	static
../Drivers/external/ugui.c:5054:6:UG_FontSetVSpace	0	static
../Drivers/external/ugui.c:5256:6:_UG_PutChar	64	static
../Drivers/external/ugui.c:4971:6:UG_PutChar	16	static
../Drivers/external/ugui.c:4939:6:UG_PutString	40	static
../Drivers/external/ugui.c:4976:6:UG_ConsolePutString	24	static
../Drivers/external/ugui.c:5388:6:_UG_PutText	72	static
../Drivers/external/ugui.c:5464:12:_UG_GetFreeObject	0	static
../Drivers/external/ugui.c:5481:12:_UG_SearchObject	8	static
../Drivers/external/ugui.c:5501:11:_UG_DeleteObject	8	static
../Drivers/external/ugui.c:5524:6:_UG_ProcessTouchData	20	static
../Drivers/external/ugui.c:5596:6:_UG_UpdateObjects	32	static
../Drivers/external/ugui.c:5627:6:_UG_HandleEvents	24	static
../Drivers/external/ugui.c:5663:6:_UG_DrawObjectFrame	64	static
../Drivers/external/ugui.c:5683:6:_UG_SendObjectPrerenderEvent	16	static
../Drivers/external/ugui.c:5697:6:_UG_SendObjectPostrenderEvent	16	static
../Drivers/external/ugui.c:5713:6:UG_DriverRegister	0	static
../Drivers/external/ugui.c:5721:6:UG_DriverEnable	0	static
../Drivers/external/ugui.c:5730:6:UG_DriverDisable	0	static
../Drivers/external/ugui.c:5794:6:UG_WaitForUpdate	0	static
../Drivers/external/ugui.c:5805:6:UG_DrawBMP	32	static
../Drivers/external/ugui.c:5846:6:UG_TouchUpdate	0	static
../Drivers/external/ugui.c:5856:11:UG_WindowCreate	16	static
../Drivers/external/ugui.c:5906:11:UG_WindowDelete	0	static
../Drivers/external/ugui.c:5927:11:UG_WindowShow	0	static
../Drivers/external/ugui.c:5971:11:UG_WindowResize	40	static
../Drivers/external/ugui.c:6021:11:UG_WindowSetForeColor	0	static
../Drivers/external/ugui.c:6032:11:UG_WindowSetBackColor	0	static
../Drivers/external/ugui.c:6043:11:UG_WindowSetTitleTextColor	0	static
../Drivers/external/ugui.c:6054:11:UG_WindowSetTitleColor	0	static
../Drivers/external/ugui.c:6065:11:UG_WindowSetTitleInactiveTextColor	0	static
../Drivers/external/ugui.c:6076:11:UG_WindowSetTitleInactiveColor	0	static
../Drivers/external/ugui.c:6087:11:UG_WindowSetTitleText	0	static
../Drivers/external/ugui.c:6098:11:UG_WindowSetTitleTextFont	0	static
../Drivers/external/ugui.c:6114:11:UG_WindowSetTitleTextHSpace	0	static
../Drivers/external/ugui.c:6125:11:UG_WindowSetTitleTextVSpace	0	static
../Drivers/external/ugui.c:6136:11:UG_WindowSetTitleTextAlignment	0	static
../Drivers/external/ugui.c:6147:11:UG_WindowSetTitleHeight	0	static
../Drivers/external/ugui.c:6159:11:UG_WindowSetXStart	16	static
../Drivers/external/ugui.c:6170:11:UG_WindowSetYStart	16	static
../Drivers/external/ugui.c:6181:11:UG_WindowSetXEnd	16	static
../Drivers/external/ugui.c:6192:11:UG_WindowSetYEnd	16	static
../Drivers/external/ugui.c:6203:11:UG_WindowSetStyle	0	static
../Drivers/external/ugui.c:6231:10:UG_WindowGetForeColor	0	static
../Drivers/external/ugui.c:6241:10:UG_WindowGetBackColor	0	static
../Drivers/external/ugui.c:6251:10:UG_WindowGetTitleTextColor	0	static
../Drivers/external/ugui.c:6261:10:UG_WindowGetTitleColor	0	static
../Drivers/external/ugui.c:6012:11:UG_WindowAlert	16	static
../Drivers/external/ugui.c:6271:10:UG_WindowGetTitleInactiveTextColor	0	static
../Drivers/external/ugui.c:6281:10:UG_WindowGetTitleInactiveColor	0	static
../Drivers/external/ugui.c:6291:7:UG_WindowGetTitleText	0	static
../Drivers/external/ugui.c:6301:10:UG_WindowGetTitleTextFont	0	static
../Drivers/external/ugui.c:6311:7:UG_WindowGetTitleTextHSpace	0	static
../Drivers/external/ugui.c:6321:7:UG_WindowGetTitleTextVSpace	0	static
../Drivers/external/ugui.c:6331:7:UG_WindowGetTitleTextAlignment	0	static
../Drivers/external/ugui.c:6341:7:UG_WindowGetTitleHeight	0	static
../Drivers/external/ugui.c:6351:8:UG_WindowGetXStart	0	static
../Drivers/external/ugui.c:6361:8:UG_WindowGetYStart	0	static
../Drivers/external/ugui.c:6371:8:UG_WindowGetXEnd	0	static
../Drivers/external/ugui.c:6381:8:UG_WindowGetYEnd	0	static
../Drivers/external/ugui.c:6391:7:UG_WindowGetStyle	0	static
../Drivers/external/ugui.c:6401:11:UG_WindowGetArea	8	static
../Drivers/external/ugui.c:7029:6:_UG_ButtonUpdate	72	static
../Drivers/external/ugui.c:7599:6:_UG_CheckboxUpdate	80	static
../Drivers/external/ugui.c:8037:6:_UG_TextboxUpdate	64	static
../Drivers/external/ugui.c:8187:6:_UG_ImageUpdate	40	static
../Drivers/external/ugui.c:6425:8:UG_WindowGetInnerWidth	0	static
../Drivers/external/ugui.c:6440:8:UG_WindowGetOuterWidth	0	static
../Drivers/external/ugui.c:6452:8:UG_WindowGetInnerHeight	0	static
../Drivers/external/ugui.c:6470:8:UG_WindowGetOuterHeight	0	static
../Drivers/external/ugui.c:6482:11:_UG_WindowDrawTitle	64	static
../Drivers/external/ugui.c:6537:6:_UG_WindowUpdate	32	static
../Drivers/external/ugui.c:5742:6:UG_Update	8	static
../Drivers/external/ugui.c:6589:11:_UG_WindowClear	24	static
../Drivers/external/ugui.c:5940:11:UG_WindowHide	8	static
../Drivers/external/ugui.c:6616:11:UG_ButtonCreate	24	static
../Drivers/external/ugui.c:6658:11:UG_ButtonDelete	8	static
../Drivers/external/ugui.c:6663:11:UG_ButtonShow	8	static
../Drivers/external/ugui.c:6676:11:UG_ButtonHide	8	static
../Drivers/external/ugui.c:6695:11:UG_ButtonSetForeColor	8	static
../Drivers/external/ugui.c:6710:11:UG_ButtonSetBackColor	8	static
../Drivers/external/ugui.c:6725:11:UG_ButtonSetAlternateForeColor	8	static
../Drivers/external/ugui.c:6740:11:UG_ButtonSetAlternateBackColor	8	static
../Drivers/external/ugui.c:6755:11:UG_ButtonSetText	8	static
../Drivers/external/ugui.c:6770:11:UG_ButtonSetFont	8	static
../Drivers/external/ugui.c:6785:11:UG_ButtonSetStyle	8	static
../Drivers/external/ugui.c:6833:11:UG_ButtonSetHSpace	8	static
../Drivers/external/ugui.c:6848:11:UG_ButtonSetVSpace	8	static
../Drivers/external/ugui.c:6863:11:UG_ButtonSetAlignment	8	static
../Drivers/external/ugui.c:6878:10:UG_ButtonGetForeColor	8	static
../Drivers/external/ugui.c:6893:10:UG_ButtonGetBackColor	8	static
../Drivers/external/ugui.c:6908:10:UG_ButtonGetAlternateForeColor	8	static
../Drivers/external/ugui.c:6923:10:UG_ButtonGetAlternateBackColor	8	static
../Drivers/external/ugui.c:6938:7:UG_ButtonGetText	8	static
../Drivers/external/ugui.c:6953:10:UG_ButtonGetFont	8	static
../Drivers/external/ugui.c:6968:7:UG_ButtonGetStyle	8	static
../Drivers/external/ugui.c:6983:7:UG_ButtonGetHSpace	8	static
../Drivers/external/ugui.c:6998:7:UG_ButtonGetVSpace	8	static
../Drivers/external/ugui.c:7013:7:UG_ButtonGetAlignment	8	static
../Drivers/external/ugui.c:7154:11:UG_CheckboxCreate	24	static
../Drivers/external/ugui.c:7197:11:UG_CheckboxDelete	8	static
../Drivers/external/ugui.c:7202:11:UG_CheckboxShow	8	static
../Drivers/external/ugui.c:7215:11:UG_CheckboxHide	8	static
../Drivers/external/ugui.c:7234:11:UG_CheckboxSetCheched	8	static
../Drivers/external/ugui.c:7250:11:UG_CheckboxSetForeColor	8	static
../Drivers/external/ugui.c:7265:11:UG_CheckboxSetBackColor	8	static
../Drivers/external/ugui.c:7280:11:UG_CheckboxSetAlternateForeColor	8	static
../Drivers/external/ugui.c:7295:11:UG_CheckboxSetAlternateBackColor	8	static
../Drivers/external/ugui.c:7310:11:UG_CheckboxSetText	8	static
../Drivers/external/ugui.c:7325:11:UG_CheckboxSetFont	8	static
../Drivers/external/ugui.c:7340:11:UG_CheckboxSetStyle	8	static
../Drivers/external/ugui.c:7388:11:UG_CheckboxSetHSpace	8	static
../Drivers/external/ugui.c:7403:11:UG_CheckboxSetVSpace	8	static
../Drivers/external/ugui.c:7418:11:UG_CheckboxSetAlignment	8	static
../Drivers/external/ugui.c:7433:7:UG_CheckboxGetChecked	8	static
../Drivers/external/ugui.c:7448:10:UG_CheckboxGetForeColor	8	static
../Drivers/external/ugui.c:7463:10:UG_CheckboxGetBackColor	8	static
../Drivers/external/ugui.c:7478:10:UG_CheckboxGetAlternateForeColor	8	static
../Drivers/external/ugui.c:7493:10:UG_CheckboxGetAlternateBackColor	8	static
../Drivers/external/ugui.c:7508:7:UG_CheckboxGetText	8	static
../Drivers/external/ugui.c:7523:10:UG_CheckboxGetFont	8	static
../Drivers/external/ugui.c:7538:7:UG_CheckboxGetStyle	8	static
../Drivers/external/ugui.c:7553:7:UG_CheckboxGetHSpace	8	static
../Drivers/external/ugui.c:7568:7:UG_CheckboxGetVSpace	8	static
../Drivers/external/ugui.c:7583:7:UG_CheckboxGetAlignment	8	static
../Drivers/external/ugui.c:7755:11:UG_TextboxCreate	24	static
../Drivers/external/ugui.c:7796:11:UG_TextboxDelete	8	static
../Drivers/external/ugui.c:7801:11:UG_TextboxShow	8	static
../Drivers/external/ugui.c:7814:11:UG_TextboxHide	8	static
../Drivers/external/ugui.c:7827:11:UG_TextboxSetForeColor	8	static
../Drivers/external/ugui.c:7842:11:UG_TextboxSetBackColor	8	static
../Drivers/external/ugui.c:7857:11:UG_TextboxSetText	8	static
../Drivers/external/ugui.c:7872:11:UG_TextboxSetFont	8	static
../Drivers/external/ugui.c:7887:11:UG_TextboxSetHSpace	8	static
../Drivers/external/ugui.c:7902:11:UG_TextboxSetVSpace	8	static
../Drivers/external/ugui.c:7917:11:UG_TextboxSetAlignment	8	static
../Drivers/external/ugui.c:7932:10:UG_TextboxGetForeColor	8	static
../Drivers/external/ugui.c:7947:10:UG_TextboxGetBackColor	8	static
../Drivers/external/ugui.c:7962:7:UG_TextboxGetText	8	static
../Drivers/external/ugui.c:7977:10:UG_TextboxGetFont	8	static
../Drivers/external/ugui.c:7992:7:UG_TextboxGetHSpace	8	static
../Drivers/external/ugui.c:8007:7:UG_TextboxGetVSpace	8	static
../Drivers/external/ugui.c:8022:7:UG_TextboxGetAlignment	8	static
../Drivers/external/ugui.c:8106:11:UG_ImageCreate	16	static
../Drivers/external/ugui.c:8140:11:UG_ImageDelete	8	static
../Drivers/external/ugui.c:8145:11:UG_ImageShow	8	static
../Drivers/external/ugui.c:8158:11:UG_ImageHide	8	static
../Drivers/external/ugui.c:8171:11:UG_ImageSetBMP	8	static
